Microchip MPLAB XC8 Compiler V2.10 ()

Linker command line:

--edf=C:\Program Files (x86)\Microchip\xc8\v2.10\pic\dat\en_msgs.txt -cs \
  -h+dist/Mini_board_config/debug\Lab_6_AA_Demineur.X.debug.sym \
  --cmf=dist/Mini_board_config/debug\Lab_6_AA_Demineur.X.debug.cmf -z \
  -Q18F45K20 -oC:\Users\ALAINP~1\AppData\Local\Temp\s5a4.2 \
  --defsym=__MPLAB_BUILD=1 \
  -Mdist/Mini_board_config/debug/Lab_6_AA_Demineur.X.debug.map -E1 -ver=XC8 \
  --acfsm=1493 -ASTACK=01E8h-05EEh -pstack=STACK -ACODE=00h-07D3Fh \
  -ACONST=00h-07D3Fh -ASMALLCONST=0600h-06FFhx119,07D00h-07D3Fh \
  -AMEDIUMCONST=0600h-07D3Fh -ACOMRAM=01h-05Fh -AABS1=00h-05EEh \
  -ABIGRAM=01h-05EEh -ARAM=060h-0FFh,0100h-01FFhx4,0500h-05EEh \
  -ABANK0=060h-0FFh -ABANK1=0100h-01FFh -ABANK2=0200h-02FFh \
  -ABANK3=0300h-03FFh -ABANK4=0400h-04FFh -ABANK5=0500h-05EEh \
  -ASFR=0F60h-0F9Bh,0F9Dh-0FD3h,0FD5h-0FDAh,0FE0h-0FE2h,0FE8h-0FEAh,0FF0h-0FFBh \
  -preset_vec=00h,intcode,intcodelo,powerup,init -pramtop=0600h \
  -psmallconst=SMALLCONST -pmediumconst=MEDIUMCONST -pconst=CONST \
  -AFARRAM=00h-00h -ACONFIG=0300000h-030000Dh -pconfig=CONFIG \
  -AIDLOC=0200000h-0200007h -pidloc=IDLOC -AEEDATA=0F00000h-0F000FFh \
  -peeprom_data=EEDATA \
  -prdata=COMRAM,nvrram=COMRAM,nvbit=COMRAM,rbss=COMRAM,rbit=COMRAM \
  -pfarbss=FARRAM,fardata=FARRAM,nvFARRAM=FARRAM \
  -pintsave_regs=BIGRAM,bigbss=BIGRAM,bigdata=BIGRAM -pbss=RAM \
  -pidata=CODE,irdata=CODE,ibigdata=CODE,ifardata=CODE -pparam0=BANK0 \
  C:\Users\ALAINP~1\AppData\Local\Temp\s5a4.o \
  dist/Mini_board_config/debug\Lab_6_AA_Demineur.X.debug.o 

Object code version is 3.11

Machine type is 18F45K20

Call graph: (short form)




                Name                               Link     Load   Length Selector   Space Scale
C:\Users\ALAINP~1\AppData\Local\Temp\s5a4.o
                init                                  0        0        4        0       0
                idloc                            200000   200000        8   200000       0
                config                           300000   300000        E   300000       0
dist/Mini_board_config/debug\Lab_6_AA_Demineur.X.debug.o
                smallconst                          600      600       18      300       0
                text27                             140C     140C        6      30C       0
                text26                             1286     1286       42      30C       0
                text25                             13AA     13AA       1C      30C       0
                text24                             1404     1404        8      30C       0
                text23                             101A     101A       6C      30C       0
                text22                             13EE     13EE        E      30C       0
                text21                              ECE      ECE       72      30C       0
                text20                             1308     1308       34      30C       0
                text19                             1146     1146       54      30C       0
                text18                             11EC     11EC       4E      30C       0
                text17                              F40      F40       6E      30C       0
                text16                             1364     1364       28      30C       0
                text15                              C90      C90       EA      30C       0
                text14                             138C     138C       1E      30C       0
                text13                             13DE     13DE       10      30C       0
                text12                             123A     123A       4C      30C       0
                text11                             13FC     13FC        8      30C       0
                text10                              E2C      E2C       A2      30C       0
                text9                              1086     1086       6A      30C       0
                text8                              133C     133C       28      30C       0
                text7                               860      860      19A      30C       0
                text6                               9FA      9FA      174      30C       0
                text5                               D7A      D7A       B2      30C       0
                text4                               FAE      FAE       6C      30C       0
                text3                              10F0     10F0       56      30C       0
                text2                               618      618      248      30C       0
                text1                              13C6     13C6       18      30C       0
                text0                               B6E      B6E      122      30C       0
                cstackBANK0                          60       60       8F       60       1
                dataBANK1                           1A8      1A8       40      100       1
                bssBANK1                            100      100       A8      100       1
                dataBANK0                            EF       EF        4       60       1
                cinit                              119A     119A       52      30C       0
                idataBANK1                         12C8     12C8       40      30C       0
                idataBANK0                         1412     1412        4      30C       0

TOTAL           Name                               Link     Load   Length     Space
        CLASS   STACK          

        CLASS   CODE           
                init                                  0        0        4         0
                text27                             140C     140C        6         0
                text26                             1286     1286       42         0
                text25                             13AA     13AA       1C         0
                text24                             1404     1404        8         0
                text23                             101A     101A       6C         0
                text22                             13EE     13EE        E         0
                text21                              ECE      ECE       72         0
                text20                             1308     1308       34         0
                text19                             1146     1146       54         0
                text18                             11EC     11EC       4E         0
                text17                              F40      F40       6E         0
                text16                             1364     1364       28         0
                text15                              C90      C90       EA         0
                text14                             138C     138C       1E         0
                text13                             13DE     13DE       10         0
                text12                             123A     123A       4C         0
                text11                             13FC     13FC        8         0
                text10                              E2C      E2C       A2         0
                text9                              1086     1086       6A         0
                text8                              133C     133C       28         0
                text7                               860      860      19A         0
                text6                               9FA      9FA      174         0
                text5                               D7A      D7A       B2         0
                text4                               FAE      FAE       6C         0
                text3                              10F0     10F0       56         0
                text2                               618      618      248         0
                text1                              13C6     13C6       18         0
                text0                               B6E      B6E      122         0
                cinit                              119A     119A       52         0
                idataBANK1                         12C8     12C8       40         0
                idataBANK0                         1412     1412        4         0

        CLASS   CONST          

        CLASS   SMALLCONST     
                smallconst                          600      600       18         0

        CLASS   MEDIUMCONST    

        CLASS   COMRAM         

        CLASS   ABS1           

        CLASS   BIGRAM         

        CLASS   RAM            

        CLASS   BANK0          
                cstackBANK0                          60       60       8F         1
                dataBANK0                            EF       EF        4         1

        CLASS   BANK1          
                dataBANK1                           1A8      1A8       40         1
                bssBANK1                            100      100       A8         1

        CLASS   BANK2          

        CLASS   BANK3          

        CLASS   BANK4          

        CLASS   BANK5          

        CLASS   SFR            

        CLASS   FARRAM         

        CLASS   CONFIG         
                config                           300000   300000        E         0

        CLASS   IDLOC          
                idloc                            200000   200000        8         0

        CLASS   EEDATA         



SEGMENTS        Name                           Load    Length   Top    Selector   Space  Class

                reset_vec                      000000  000004  000004         0       0  CODE    
                cstackBANK0                    000060  000093  0000F3        60       1  BANK0   
                bssBANK1                       000100  0000E8  0001E8       100       1  BANK1   
                smallconst                     000600  000018  000618       300       0  SMALLCON
                text2                          000618  000DFE  001416       30C       0  CODE    
                idloc                          200000  000008  200008    200000       0  IDLOC   
                config                         300000  00000E  30000E    300000       0  CONFIG  


UNUSED ADDRESS RANGES

        Name                Unused          Largest block    Delta
        BANK0            0000F3-0000FF                D
        BANK1            0001E8-0001FF               18
        BANK2            000200-0002FF              100
        BANK3            000300-0003FF              100
        BANK4            000400-0004FF              100
        BANK5            000500-0005EE               EF
        BIGRAM           000001-00005F               5F
                         0000F3-0000FF                D
                         0001E8-0005EE              407
        CODE             000004-0005FF              5FC
                         001416-007D3F             692A
        COMRAM           000001-00005F               5F
        CONST            000004-0005FF              5FC
                         001416-007D3F             692A
        EEDATA           F00000-F000FF              100
        MEDIUMCONST      001416-007D3F             692A
        RAM              0000F3-0000FF                D
                         0001E8-0005EE              100
        SFR              000F60-000F9B               3C
                         000F9D-000FD3               37
                         000FD5-000FDA                6
                         000FE0-000FE2                3
                         000FE8-000FEA                3
                         000FF0-000FFB                C
        SMALLCONST       001416-007D3F              100
        STACK            0001E8-0005EE              407

                                  Symbol Table

?___awmod                     cstackBANK0  00006E
?___lmul                      cstackBANK0  000060
?___wmul                      cstackBANK0  000060
?_rand                        cstackBANK0  00006C
_ADCON0bits                   (abs)        000FC2
_ADCON1                       (abs)        000FC1
_ADCON2bits                   (abs)        000FC0
_ADRESH                       (abs)        000FC4
_ANSEL                        (abs)        000F7E
_ANSELH                       (abs)        000F7F
_ANSELbits                    (abs)        000F7E
_BAUDCONbits                  (abs)        000FB8
_INTCONbits                   (abs)        000FF2
_PORTAbits                    (abs)        000F80
_PORTBbits                    (abs)        000F81
_PORTD                        (abs)        000F83
_RCIF                         (abs)        007CF5
_RCREG                        (abs)        000FAE
_RCSTAbits                    (abs)        000FAB
_SPBRG                        (abs)        000FAF
_SPBRGH                       (abs)        000FB0
_T0CONbits                    (abs)        000FD5
_T1CONbits                    (abs)        000FCD
_TMR1                         (abs)        000FCE
_TRISA                        (abs)        000F92
_TRISB                        (abs)        000F93
_TRISCbits                    (abs)        000F94
_TRISD                        (abs)        000F95
_TXREG                        (abs)        000FAD
_TXSTAbits                    (abs)        000FAC
__CFG_BOREN$SBORDIS           (abs)        000000
__CFG_BORV$18                 (abs)        000000
__CFG_CCP2MX$PORTC            (abs)        000000
__CFG_CP0$OFF                 (abs)        000000
__CFG_CP1$OFF                 (abs)        000000
__CFG_CP2$OFF                 (abs)        000000
__CFG_CP3$OFF                 (abs)        000000
__CFG_CPB$OFF                 (abs)        000000
__CFG_CPD$OFF                 (abs)        000000
__CFG_EBTR0$OFF               (abs)        000000
__CFG_EBTR1$OFF               (abs)        000000
__CFG_EBTR2$OFF               (abs)        000000
__CFG_EBTR3$OFF               (abs)        000000
__CFG_EBTRB$OFF               (abs)        000000
__CFG_FCMEN$OFF               (abs)        000000
__CFG_FOSC$INTIO67            (abs)        000000
__CFG_HFOFST$ON               (abs)        000000
__CFG_IESO$OFF                (abs)        000000
__CFG_LPT1OSC$OFF             (abs)        000000
__CFG_LVP$OFF                 (abs)        000000
__CFG_MCLRE$ON                (abs)        000000
__CFG_PBADEN$ON               (abs)        000000
__CFG_PWRT$OFF                (abs)        000000
__CFG_STVREN$ON               (abs)        000000
__CFG_WDTEN$OFF               (abs)        000000
__CFG_WDTPS$32768             (abs)        000000
__CFG_WRT0$OFF                (abs)        000000
__CFG_WRT1$OFF                (abs)        000000
__CFG_WRT2$OFF                (abs)        000000
__CFG_WRT3$OFF                (abs)        000000
__CFG_WRTB$OFF                (abs)        000000
__CFG_WRTC$OFF                (abs)        000000
__CFG_WRTD$OFF                (abs)        000000
__CFG_XINST$OFF               (abs)        000000
__HRAM                        (abs)        000000
__Habs1                       abs1         000000
__Hbank0                      bank0        000000
__Hbank1                      bank1        000000
__Hbank2                      bank2        000000
__Hbank3                      bank3        000000
__Hbank4                      bank4        000000
__Hbank5                      bank5        000000
__Hbigbss                     bigbss       000000
__Hbigdata                    bigdata      000000
__Hbigram                     bigram       000000
__Hbss                        bss          000000
__HbssBANK1                   bssBANK1     000000
__Hcinit                      cinit        000000
__Hclrtext                    clrtext      000000
__Hcomram                     comram       000000
__Hconfig                     config       30000E
__Hconst                      const        000000
__HcstackBANK0                cstackBANK0  000000
__Hdata                       data         000000
__HdataBANK0                  dataBANK0    000000
__HdataBANK1                  dataBANK1    000000
__Heeprom_data                eeprom_data  000000
__Hfarbss                     farbss       000000
__Hfardata                    fardata      000000
__Hibigdata                   ibigdata     000000
__Hidata                      idata        000000
__HidataBANK0                 idataBANK0   000000
__HidataBANK1                 idataBANK1   000000
__Hidloc                      idloc        200008
__Hifardata                   ifardata     000000
__Hinit                       init         000004
__Hintcode                    intcode      000000
__Hintcode_body               intcode_body 000000
__Hintcodelo                  intcodelo    000000
__Hintentry                   intentry     000000
__Hintret                     intret       000000
__Hintsave_regs               intsave_regs 000000
__Hirdata                     irdata       000000
__Hmediumconst                mediumconst  000000
__HnvFARRAM                   nvFARRAM     000000
__Hnvbit                      nvbit        000000
__Hnvrram                     nvrram       000000
__Hparam                      param0       000000
__Hparam0                     param0       000000
__Hpowerup                    powerup      000000
__Hram                        ram          000000
__Hramtop                     ramtop       000600
__Hrbit                       rbit         000000
__Hrbss                       rbss         000000
__Hrdata                      rdata        000000
__Hreset_vec                  reset_vec    000000
__Hsfr                        sfr          000000
__Hsmallconst                 smallconst   000618
__Hspace_0                    (abs)        30000E
__Hspace_1                    (abs)        0001E8
__Hspace_2                    (abs)        000000
__Hstack                      stack        000000
__Hstruct                     struct       000000
__Htemp                       temp         000000
__Htext                       text         000000
__Htext0                      text0        000000
__Htext1                      text1        000000
__Htext10                     text10       000000
__Htext11                     text11       000000
__Htext12                     text12       000000
__Htext13                     text13       000000
__Htext14                     text14       000000
__Htext15                     text15       000000
__Htext16                     text16       000000
__Htext17                     text17       000000
__Htext18                     text18       000000
__Htext19                     text19       000000
__Htext2                      text2        000000
__Htext20                     text20       000000
__Htext21                     text21       000000
__Htext22                     text22       000000
__Htext23                     text23       000000
__Htext24                     text24       000000
__Htext25                     text25       000000
__Htext26                     text26       000000
__Htext27                     text27       000000
__Htext3                      text3        000000
__Htext4                      text4        000000
__Htext5                      text5        000000
__Htext6                      text6        000000
__Htext7                      text7        000000
__Htext8                      text8        000000
__Htext9                      text9        000000
__LRAM                        (abs)        000001
__Labs1                       abs1         000000
__Lbank0                      bank0        000000
__Lbank1                      bank1        000000
__Lbank2                      bank2        000000
__Lbank3                      bank3        000000
__Lbank4                      bank4        000000
__Lbank5                      bank5        000000
__Lbigbss                     bigbss       000000
__Lbigdata                    bigdata      000000
__Lbigram                     bigram       000000
__Lbss                        bss          000000
__LbssBANK1                   bssBANK1     000000
__Lcinit                      cinit        000000
__Lclrtext                    clrtext      000000
__Lcomram                     comram       000000
__Lconfig                     config       300000
__Lconst                      const        000000
__LcstackBANK0                cstackBANK0  000000
__Ldata                       data         000000
__LdataBANK0                  dataBANK0    000000
__LdataBANK1                  dataBANK1    000000
__Leeprom_data                eeprom_data  000000
__Lfarbss                     farbss       000000
__Lfardata                    fardata      000000
__Libigdata                   ibigdata     000000
__Lidata                      idata        000000
__LidataBANK0                 idataBANK0   000000
__LidataBANK1                 idataBANK1   000000
__Lidloc                      idloc        200000
__Lifardata                   ifardata     000000
__Linit                       init         000000
__Lintcode                    intcode      000000
__Lintcode_body               intcode_body 000000
__Lintcodelo                  intcodelo    000000
__Lintentry                   intentry     000000
__Lintret                     intret       000000
__Lintsave_regs               intsave_regs 000000
__Lirdata                     irdata       000000
__Lmediumconst                mediumconst  000000
__LnvFARRAM                   nvFARRAM     000000
__Lnvbit                      nvbit        000000
__Lnvrram                     nvrram       000000
__Lparam                      param0       000000
__Lparam0                     param0       000000
__Lpowerup                    powerup      000000
__Lram                        ram          000000
__Lramtop                     ramtop       000600
__Lrbit                       rbit         000000
__Lrbss                       rbss         000000
__Lrdata                      rdata        000000
__Lreset_vec                  reset_vec    000000
__Lsfr                        sfr          000000
__Lsmallconst                 smallconst   000600
__Lspace_0                    (abs)        000000
__Lspace_1                    (abs)        000000
__Lspace_2                    (abs)        000000
__Lstack                      stack        000000
__Lstruct                     struct       000000
__Ltemp                       temp         000000
__Ltext                       text         000000
__Ltext0                      text0        000000
__Ltext1                      text1        000000
__Ltext10                     text10       000000
__Ltext11                     text11       000000
__Ltext12                     text12       000000
__Ltext13                     text13       000000
__Ltext14                     text14       000000
__Ltext15                     text15       000000
__Ltext16                     text16       000000
__Ltext17                     text17       000000
__Ltext18                     text18       000000
__Ltext19                     text19       000000
__Ltext2                      text2        000000
__Ltext20                     text20       000000
__Ltext21                     text21       000000
__Ltext22                     text22       000000
__Ltext23                     text23       000000
__Ltext24                     text24       000000
__Ltext25                     text25       000000
__Ltext26                     text26       000000
__Ltext27                     text27       000000
__Ltext3                      text3        000000
__Ltext4                      text4        000000
__Ltext5                      text5        000000
__Ltext6                      text6        000000
__Ltext7                      text7        000000
__Ltext8                      text8        000000
__Ltext9                      text9        000000
__S0                          (abs)        30000E
__S1                          (abs)        0001E8
__S2                          (abs)        000000
___awmod                      text5        000D7A
___awmod@counter              cstackBANK0  000072
___awmod@dividend             cstackBANK0  00006E
___awmod@divisor              cstackBANK0  000070
___awmod@sign                 cstackBANK0  000073
___inthi_sp                   stack        000000
___intlo_sp                   stack        000000
___lmul                       text4        000FAE
___lmul@multiplicand          cstackBANK0  000064
___lmul@multiplier            cstackBANK0  000060
___lmul@product               cstackBANK0  000068
___param_bank                 (abs)        000000
___rparam_used                (abs)        000000
___sp                         stack        000000
___wmul                       text16       001364
___wmul@multiplicand          cstackBANK0  000062
___wmul@multiplier            cstackBANK0  000060
___wmul@product               cstackBANK0  000064
__accesstop                   (abs)        000060
__activetblptr                (abs)        000003
__end_of___awmod              text5        000E2C
__end_of___lmul               text4        00101A
__end_of___wmul               text16       00138C
__end_of__initialization      cinit        0011E6
__end_of_afficheTabVue        text17       000FAE
__end_of_calculToucheCombien  text7        0009FA
__end_of_initTabVue           text15       000D7A
__end_of_init_serie           text14       0013AA
__end_of_initialisation       text12       001286
__end_of_lcd_busy             text26       0012C8
__end_of_lcd_curseurHome      text11       001404
__end_of_lcd_ecrireDonnees    text25       0013C6
__end_of_lcd_ecritChar        text19       00119A
__end_of_lcd_effaceAffichage  text22       0013FC
__end_of_lcd_gotoXY           text21       000F40
__end_of_lcd_init             text8        001364
__end_of_lcd_initCGRam        text10       000ECE
__end_of_lcd_lireDonnees      text27       001412
__end_of_lcd_putMessage       text18       00123A
__end_of_lcd_resetSequence    text9        0010F0
__end_of_lcd_strobeEnableBit  text24       00140C
__end_of_lcd_wrCom            text23       001086
__end_of_lcd_wrData           text20       00133C
__end_of_main                 text0        000C90
__end_of_metToucheCombien     text6        000B6E
__end_of_rand                 text3        001146
__end_of_rempliMines          text2        000860
__end_of_srand                text13       0013EE
__end_of_testEtat             text1        0013DE
__end_ofmain@F2873            smallconst   000616
__initialization              cinit        00119A
__mediumconst                 mediumconst  000000
__pbssBANK1                   bssBANK1     000100
__pcinit                      cinit        00119A
__pcstackBANK0                cstackBANK0  000060
__pdataBANK0                  dataBANK0    0000EF
__pdataBANK1                  dataBANK1    0001A8
__pidataBANK0                 idataBANK0   001412
__pidataBANK1                 idataBANK1   0012C8
__psmallconst                 smallconst   000600
__ptext0                      text0        000B6E
__ptext1                      text1        0013C6
__ptext10                     text10       000E2C
__ptext11                     text11       0013FC
__ptext12                     text12       00123A
__ptext13                     text13       0013DE
__ptext14                     text14       00138C
__ptext15                     text15       000C90
__ptext16                     text16       001364
__ptext17                     text17       000F40
__ptext18                     text18       0011EC
__ptext19                     text19       001146
__ptext2                      text2        000618
__ptext20                     text20       001308
__ptext21                     text21       000ECE
__ptext22                     text22       0013EE
__ptext23                     text23       00101A
__ptext24                     text24       001404
__ptext25                     text25       0013AA
__ptext26                     text26       001286
__ptext27                     text27       00140C
__ptext3                      text3        0010F0
__ptext4                      text4        000FAE
__ptext5                      text5        000D7A
__ptext6                      text6        0009FA
__ptext7                      text7        000860
__ptext8                      text8        00133C
__ptext9                      text9        001086
__ramtop                      ramtop       000600
__size_of___awmod             (abs)        000000
__size_of___lmul              (abs)        000000
__size_of___wmul              (abs)        000000
__size_of_afficheTabVue       (abs)        000000
__size_of_calculToucheCombien (abs)        000000
__size_of_initTabVue          (abs)        000000
__size_of_init_serie          (abs)        000000
__size_of_initialisation      (abs)        000000
__size_of_lcd_busy            (abs)        000000
__size_of_lcd_curseurHome     (abs)        000000
__size_of_lcd_ecrireDonnees   (abs)        000000
__size_of_lcd_ecritChar       (abs)        000000
__size_of_lcd_effaceAffichage (abs)        000000
__size_of_lcd_gotoXY          (abs)        000000
__size_of_lcd_init            (abs)        000000
__size_of_lcd_initCGRam       (abs)        000000
__size_of_lcd_lireDonnees     (abs)        000000
__size_of_lcd_putMessage      (abs)        000000
__size_of_lcd_resetSequence   (abs)        000000
__size_of_lcd_strobeEnableBit (abs)        000000
__size_of_lcd_wrCom           (abs)        000000
__size_of_lcd_wrData          (abs)        000000
__size_of_main                (abs)        000000
__size_of_metToucheCombien    (abs)        000000
__size_of_rand                (abs)        000000
__size_of_rempliMines         (abs)        000000
__size_of_srand               (abs)        000000
__size_of_testEtat            (abs)        000000
__smallconst                  smallconst   000600
_afficheTabVue                text17       000F40
_calculToucheCombien          text7        000860
_initTabVue                   text15       000C90
_init_serie                   text14       00138C
_initialisation               text12       00123A
_lcd_busy                     text26       001286
_lcd_curseurHome              text11       0013FC
_lcd_ecrireDonnees            text25       0013AA
_lcd_ecritChar                text19       001146
_lcd_effaceAffichage          text22       0013EE
_lcd_gotoXY                   text21       000ECE
_lcd_init                     text8        00133C
_lcd_initCGRam                text10       000E2C
_lcd_lireDonnees              text27       00140C
_lcd_putMessage               text18       0011EC
_lcd_resetSequence            text9        001086
_lcd_strobeEnableBit          text24       001404
_lcd_wrCom                    text23       00101A
_lcd_wrData                   text20       001308
_m_tabMines                   bssBANK1     000154
_m_tabVue                     bssBANK1     000100
_main                         text0        000B6E
_matCGRAM                     dataBANK1    0001A8
_metToucheCombien             text6        0009FA
_rand                         text3        0010F0
_randx                        dataBANK0    0000EF
_rempliMines                  text2        000618
_srand                        text13       0013DE
_testEtat                     text1        0013C6
calculToucheCombien@colonne   cstackBANK0  000068
calculToucheCombien@j         cstackBANK0  000074
calculToucheCombien@ligne     cstackBANK0  000066
calculToucheCombien@m         cstackBANK0  000075
calculToucheCombien@maxCol    cstackBANK0  000073
calculToucheCombien@maxLigne  cstackBANK0  000071
calculToucheCombien@minCol    cstackBANK0  000072
calculToucheCombien@minLigne  cstackBANK0  000070
calculToucheCombien@nombre    cstackBANK0  00006F
end_of_initialization         cinit        0011E6
initTabVue@i                  cstackBANK0  000068
initTabVue@k                  cstackBANK0  00006A
intlevel0                     text         000000
intlevel1                     text         000000
intlevel2                     text         000000
intlevel3                     text         000000
lcd_busy@adresse              cstackBANK0  000061
lcd_ecrireDonnees@donnee      cstackBANK0  000061
lcd_ecritChar@car             cstackBANK0  000063
lcd_ecritChar@posRam          cstackBANK0  000064
lcd_gotoXY@x                  cstackBANK0  000064
lcd_gotoXY@y                  cstackBANK0  000063
lcd_initCGRam@i               cstackBANK0  000065
lcd_initCGRam@j               cstackBANK0  000066
lcd_putMessage@chaine         cstackBANK0  000065
lcd_putMessage@j              cstackBANK0  000067
lcd_wrCom@commande            cstackBANK0  000062
lcd_wrData@caractere          cstackBANK0  000062
main@F2873                    smallconst   000601
main@afficheNom               cstackBANK0  0000D2
main@etatAfterSW              cstackBANK0  0000ED
main@etatInitSW               cstackBANK0  0000EE
main@nbMines                  cstackBANK0  0000EB
main@posX                     cstackBANK0  0000E7
main@posY                     cstackBANK0  0000E9
metToucheCombien@chiffre      cstackBANK0  000079
metToucheCombien@j            cstackBANK0  00007A
metToucheCombien@m            cstackBANK0  00007C
rempliMines@i                 cstackBANK0  0000C9
rempliMines@j                 cstackBANK0  0000CD
rempliMines@m                 cstackBANK0  0000CF
rempliMines@nb                cstackBANK0  000074
rempliMines@tabSafe           cstackBANK0  000079
rempliMines@testX             cstackBANK0  0000CB
rempliMines@testY             cstackBANK0  0000CC
srand@x                       cstackBANK0  000060
stackhi                       (abs)        0005EE
stacklo                       (abs)        0001E8
start                         init         000000
start_initialization          cinit        00119A


FUNCTION INFORMATION:

 *************** function _main *****************
 Defined at:
		line 73 in file "main.c"
 Parameters:    Size  Location     Type
		None
 Auto vars:     Size  Location     Type
  afficheNom     21  114[BANK0 ] const unsigned char [21]
  nbMines         2  139[BANK0 ] int 
  posY            2  137[BANK0 ] int 
  posX            2  135[BANK0 ] int 
  etatInitSW      1  142[BANK0 ] unsigned char 
  etatAfterSW     1  141[BANK0 ] unsigned char 
 Return value:  Size  Location     Type
                  1    wreg      void 
 Registers used:
		wreg, fsr2l, fsr2h, status,2, status,0, tblptrl, tblptrh, tblptru, prodl, prodh, cstack
 Tracked objects:
		On entry : 
		On exit  : 
		Unchanged: 
 Data sizes:     COMRAM   BANK0   BANK1   BANK2   BANK3   BANK4   BANK5
      Params:         0       0       0       0       0       0       0
      Locals:         0      29       0       0       0       0       0
      Temps:          0       1       0       0       0       0       0
      Totals:         0      30       0       0       0       0       0
Total ram usage:       30 bytes
 Hardware stack levels required when called:    6
 This function calls:
		_afficheTabVue
		_initTabVue
		_init_serie
		_initialisation
		_lcd_effaceAffichage
		_lcd_gotoXY
		_lcd_init
		_lcd_putMessage
		_metToucheCombien
		_rempliMines
		_testEtat
 This function is called by:
		Startup code after reset
 This function uses a non-reentrant model


 *************** function _testEtat *****************
 Defined at:
		line 324 in file "main.c"
 Parameters:    Size  Location     Type
		None
 Auto vars:     Size  Location     Type
		None
 Return value:  Size  Location     Type
                  1    wreg      unsigned char 
 Registers used:
		wreg
 Tracked objects:
		On entry : 
		On exit  : 
		Unchanged: 
 Data sizes:     COMRAM   BANK0   BANK1   BANK2   BANK3   BANK4   BANK5
      Params:         0       0       0       0       0       0       0
      Locals:         0       0       0       0       0       0       0
      Temps:          0       0       0       0       0       0       0
      Totals:         0       0       0       0       0       0       0
Total ram usage:        0 bytes
 Hardware stack levels used:    1
 This function calls:
		Nothing
 This function is called by:
		_main
 This function uses a non-reentrant model


 *************** function _rempliMines *****************
 Defined at:
		line 175 in file "main.c"
 Parameters:    Size  Location     Type
  nb              2   20[BANK0 ] int 
 Auto vars:     Size  Location     Type
  m               2  111[BANK0 ] int 
  i               2  105[BANK0 ] int 
  j               2  109[BANK0 ] int 
  tabSafe        80   25[BANK0 ] unsigned char [20][4]
  testY           1  108[BANK0 ] unsigned char 
  testX           1  107[BANK0 ] unsigned char 
 Return value:  Size  Location     Type
                  1    wreg      void 
 Registers used:
		wreg, fsr2l, fsr2h, status,2, status,0, prodl, prodh, cstack
 Tracked objects:
		On entry : 
		On exit  : 
		Unchanged: 
 Data sizes:     COMRAM   BANK0   BANK1   BANK2   BANK3   BANK4   BANK5
      Params:         0       2       0       0       0       0       0
      Locals:         0      88       0       0       0       0       0
      Temps:          0       3       0       0       0       0       0
      Totals:         0      93       0       0       0       0       0
Total ram usage:       93 bytes
 Hardware stack levels used:    1
 Hardware stack levels required when called:    2
 This function calls:
		___awmod
		___wmul
		_rand
 This function is called by:
		_main
 This function uses a non-reentrant model


 *************** function _rand *****************
 Defined at:
		line 12 in file "C:\Program Files (x86)\Microchip\xc8\v2.10\pic\sources\c90\common\rand.c"
 Parameters:    Size  Location     Type
		None
 Auto vars:     Size  Location     Type
		None
 Return value:  Size  Location     Type
                  2   12[BANK0 ] int 
 Registers used:
		wreg, status,2, status,0, cstack
 Tracked objects:
		On entry : 
		On exit  : 
		Unchanged: 
 Data sizes:     COMRAM   BANK0   BANK1   BANK2   BANK3   BANK4   BANK5
      Params:         0       2       0       0       0       0       0
      Locals:         0       0       0       0       0       0       0
      Temps:          0       0       0       0       0       0       0
      Totals:         0       2       0       0       0       0       0
Total ram usage:        2 bytes
 Hardware stack levels used:    1
 Hardware stack levels required when called:    1
 This function calls:
		___lmul
 This function is called by:
		_rempliMines
 This function uses a non-reentrant model


 *************** function ___lmul *****************
 Defined at:
		line 15 in file "C:\Program Files (x86)\Microchip\xc8\v2.10\pic\sources\c90\common\Umul32.c"
 Parameters:    Size  Location     Type
  multiplier      4    0[BANK0 ] unsigned long 
  multiplicand    4    4[BANK0 ] unsigned long 
 Auto vars:     Size  Location     Type
  product         4    8[BANK0 ] unsigned long 
 Return value:  Size  Location     Type
                  4    0[BANK0 ] unsigned long 
 Registers used:
		wreg, status,2, status,0
 Tracked objects:
		On entry : 
		On exit  : 
		Unchanged: 
 Data sizes:     COMRAM   BANK0   BANK1   BANK2   BANK3   BANK4   BANK5
      Params:         0       8       0       0       0       0       0
      Locals:         0       4       0       0       0       0       0
      Temps:          0       0       0       0       0       0       0
      Totals:         0      12       0       0       0       0       0
Total ram usage:       12 bytes
 Hardware stack levels used:    1
 This function calls:
		Nothing
 This function is called by:
		_rand
 This function uses a non-reentrant model


 *************** function ___awmod *****************
 Defined at:
		line 7 in file "C:\Program Files (x86)\Microchip\xc8\v2.10\pic\sources\c90\common\awmod.c"
 Parameters:    Size  Location     Type
  dividend        2   14[BANK0 ] int 
  divisor         2   16[BANK0 ] int 
 Auto vars:     Size  Location     Type
  sign            1   19[BANK0 ] unsigned char 
  counter         1   18[BANK0 ] unsigned char 
 Return value:  Size  Location     Type
                  2   14[BANK0 ] int 
 Registers used:
		wreg, status,2, status,0
 Tracked objects:
		On entry : 
		On exit  : 
		Unchanged: 
 Data sizes:     COMRAM   BANK0   BANK1   BANK2   BANK3   BANK4   BANK5
      Params:         0       4       0       0       0       0       0
      Locals:         0       2       0       0       0       0       0
      Temps:          0       0       0       0       0       0       0
      Totals:         0       6       0       0       0       0       0
Total ram usage:        6 bytes
 Hardware stack levels used:    1
 This function calls:
		Nothing
 This function is called by:
		_rempliMines
 This function uses a non-reentrant model


 *************** function _metToucheCombien *****************
 Defined at:
		line 215 in file "main.c"
 Parameters:    Size  Location     Type
		None
 Auto vars:     Size  Location     Type
  m               2   28[BANK0 ] int 
  j               2   26[BANK0 ] int 
  chiffre         1   25[BANK0 ] unsigned char 
 Return value:  Size  Location     Type
                  1    wreg      void 
 Registers used:
		wreg, fsr2l, fsr2h, status,2, status,0, prodl, prodh, cstack
 Tracked objects:
		On entry : 
		On exit  : 
		Unchanged: 
 Data sizes:     COMRAM   BANK0   BANK1   BANK2   BANK3   BANK4   BANK5
      Params:         0       0       0       0       0       0       0
      Locals:         0       5       0       0       0       0       0
      Temps:          0       3       0       0       0       0       0
      Totals:         0       8       0       0       0       0       0
Total ram usage:        8 bytes
 Hardware stack levels used:    1
 Hardware stack levels required when called:    2
 This function calls:
		___wmul
		_calculToucheCombien
 This function is called by:
		_main
 This function uses a non-reentrant model


 *************** function _calculToucheCombien *****************
 Defined at:
		line 240 in file "main.c"
 Parameters:    Size  Location     Type
  ligne           2    6[BANK0 ] int 
  colonne         2    8[BANK0 ] int 
 Auto vars:     Size  Location     Type
  m               1   21[BANK0 ] char 
  j               1   20[BANK0 ] char 
  maxCol          1   19[BANK0 ] unsigned char 
  minCol          1   18[BANK0 ] char 
  maxLigne        1   17[BANK0 ] unsigned char 
  minLigne        1   16[BANK0 ] char 
  nombre          1   15[BANK0 ] unsigned char 
 Return value:  Size  Location     Type
                  1    wreg      unsigned char 
 Registers used:
		wreg, fsr2l, fsr2h, status,2, status,0, prodl, prodh, cstack
 Tracked objects:
		On entry : 
		On exit  : 
		Unchanged: 
 Data sizes:     COMRAM   BANK0   BANK1   BANK2   BANK3   BANK4   BANK5
      Params:         0       4       0       0       0       0       0
      Locals:         0       7       0       0       0       0       0
      Temps:          0       5       0       0       0       0       0
      Totals:         0      16       0       0       0       0       0
Total ram usage:       16 bytes
 Hardware stack levels used:    1
 Hardware stack levels required when called:    1
 This function calls:
		___wmul
 This function is called by:
		_metToucheCombien
 This function uses a non-reentrant model


 *************** function _lcd_init *****************
 Defined at:
		line 258 in file "Lcd4Lignes.c"
 Parameters:    Size  Location     Type
		None
 Auto vars:     Size  Location     Type
		None
 Return value:  Size  Location     Type
                  1    wreg      void 
 Registers used:
		wreg, fsr2l, fsr2h, status,2, status,0, prodl, prodh, cstack
 Tracked objects:
		On entry : 
		On exit  : 
		Unchanged: 
 Data sizes:     COMRAM   BANK0   BANK1   BANK2   BANK3   BANK4   BANK5
      Params:         0       0       0       0       0       0       0
      Locals:         0       0       0       0       0       0       0
      Temps:          0       0       0       0       0       0       0
      Totals:         0       0       0       0       0       0       0
Total ram usage:        0 bytes
 Hardware stack levels used:    1
 Hardware stack levels required when called:    5
 This function calls:
		_lcd_initCGRam
		_lcd_resetSequence
		_lcd_wrCom
 This function is called by:
		_main
 This function uses a non-reentrant model


 *************** function _lcd_resetSequence *****************
 Defined at:
		line 221 in file "Lcd4Lignes.c"
 Parameters:    Size  Location     Type
		None
 Auto vars:     Size  Location     Type
		None
 Return value:  Size  Location     Type
                  1    wreg      void 
 Registers used:
		wreg, status,2, status,0, cstack
 Tracked objects:
		On entry : 
		On exit  : 
		Unchanged: 
 Data sizes:     COMRAM   BANK0   BANK1   BANK2   BANK3   BANK4   BANK5
      Params:         0       0       0       0       0       0       0
      Locals:         0       0       0       0       0       0       0
      Temps:          0       1       0       0       0       0       0
      Totals:         0       1       0       0       0       0       0
Total ram usage:        1 bytes
 Hardware stack levels used:    1
 Hardware stack levels required when called:    1
 This function calls:
		_lcd_ecrireDonnees
		_lcd_strobeEnableBit
 This function is called by:
		_lcd_init
 This function uses a non-reentrant model


 *************** function _lcd_initCGRam *****************
 Defined at:
		line 417 in file "Lcd4Lignes.c"
 Parameters:    Size  Location     Type
		None
 Auto vars:     Size  Location     Type
  j               1    6[BANK0 ] unsigned char 
  i               1    5[BANK0 ] unsigned char 
 Return value:  Size  Location     Type
                  1    wreg      void 
 Registers used:
		wreg, fsr2l, fsr2h, status,2, status,0, prodl, prodh, cstack
 Tracked objects:
		On entry : 
		On exit  : 
		Unchanged: 
 Data sizes:     COMRAM   BANK0   BANK1   BANK2   BANK3   BANK4   BANK5
      Params:         0       0       0       0       0       0       0
      Locals:         0       2       0       0       0       0       0
      Temps:          0       2       0       0       0       0       0
      Totals:         0       4       0       0       0       0       0
Total ram usage:        4 bytes
 Hardware stack levels used:    1
 Hardware stack levels required when called:    4
 This function calls:
		_lcd_curseurHome
		_lcd_wrCom
		_lcd_wrData
 This function is called by:
		_lcd_init
 This function uses a non-reentrant model


 *************** function _lcd_curseurHome *****************
 Defined at:
		line 288 in file "Lcd4Lignes.c"
 Parameters:    Size  Location     Type
		None
 Auto vars:     Size  Location     Type
		None
 Return value:  Size  Location     Type
                  1    wreg      void 
 Registers used:
		wreg, status,2, status,0, cstack
 Tracked objects:
		On entry : 
		On exit  : 
		Unchanged: 
 Data sizes:     COMRAM   BANK0   BANK1   BANK2   BANK3   BANK4   BANK5
      Params:         0       0       0       0       0       0       0
      Locals:         0       0       0       0       0       0       0
      Temps:          0       0       0       0       0       0       0
      Totals:         0       0       0       0       0       0       0
Total ram usage:        0 bytes
 Hardware stack levels used:    1
 Hardware stack levels required when called:    3
 This function calls:
		_lcd_wrCom
 This function is called by:
		_lcd_initCGRam
 This function uses a non-reentrant model


 *************** function _initialisation *****************
 Defined at:
		line 355 in file "main.c"
 Parameters:    Size  Location     Type
		None
 Auto vars:     Size  Location     Type
		None
 Return value:  Size  Location     Type
                  1    wreg      void 
 Registers used:
		wreg, status,2, cstack
 Tracked objects:
		On entry : 
		On exit  : 
		Unchanged: 
 Data sizes:     COMRAM   BANK0   BANK1   BANK2   BANK3   BANK4   BANK5
      Params:         0       0       0       0       0       0       0
      Locals:         0       0       0       0       0       0       0
      Temps:          0       0       0       0       0       0       0
      Totals:         0       0       0       0       0       0       0
Total ram usage:        0 bytes
 Hardware stack levels used:    1
 Hardware stack levels required when called:    1
 This function calls:
		_srand
 This function is called by:
		_main
 This function uses a non-reentrant model


 *************** function _srand *****************
 Defined at:
		line 6 in file "C:\Program Files (x86)\Microchip\xc8\v2.10\pic\sources\c90\common\rand.c"
 Parameters:    Size  Location     Type
  x               2    0[BANK0 ] unsigned int 
 Auto vars:     Size  Location     Type
		None
 Return value:  Size  Location     Type
                  1    wreg      void 
 Registers used:
		status,2
 Tracked objects:
		On entry : 
		On exit  : 
		Unchanged: 
 Data sizes:     COMRAM   BANK0   BANK1   BANK2   BANK3   BANK4   BANK5
      Params:         0       2       0       0       0       0       0
      Locals:         0       0       0       0       0       0       0
      Temps:          0       0       0       0       0       0       0
      Totals:         0       2       0       0       0       0       0
Total ram usage:        2 bytes
 Hardware stack levels used:    1
 This function calls:
		Nothing
 This function is called by:
		_initialisation
 This function uses a non-reentrant model


 *************** function _init_serie *****************
 Defined at:
		line 29 in file "serie.c"
 Parameters:    Size  Location     Type
		None
 Auto vars:     Size  Location     Type
		None
 Return value:  Size  Location     Type
                  1    wreg      void 
 Registers used:
		wreg, status,2
 Tracked objects:
		On entry : 
		On exit  : 
		Unchanged: 
 Data sizes:     COMRAM   BANK0   BANK1   BANK2   BANK3   BANK4   BANK5
      Params:         0       0       0       0       0       0       0
      Locals:         0       0       0       0       0       0       0
      Temps:          0       0       0       0       0       0       0
      Totals:         0       0       0       0       0       0       0
Total ram usage:        0 bytes
 Hardware stack levels used:    1
 This function calls:
		Nothing
 This function is called by:
		_main
 This function uses a non-reentrant model


 *************** function _initTabVue *****************
 Defined at:
		line 157 in file "main.c"
 Parameters:    Size  Location     Type
		None
 Auto vars:     Size  Location     Type
  k               2   10[BANK0 ] int 
  i               2    8[BANK0 ] int 
 Return value:  Size  Location     Type
                  1    wreg      void 
 Registers used:
		wreg, fsr2l, fsr2h, status,2, status,0, prodl, prodh, cstack
 Tracked objects:
		On entry : 
		On exit  : 
		Unchanged: 
 Data sizes:     COMRAM   BANK0   BANK1   BANK2   BANK3   BANK4   BANK5
      Params:         0       0       0       0       0       0       0
      Locals:         0       4       0       0       0       0       0
      Temps:          0       2       0       0       0       0       0
      Totals:         0       6       0       0       0       0       0
Total ram usage:        6 bytes
 Hardware stack levels used:    1
 Hardware stack levels required when called:    1
 This function calls:
		___wmul
 This function is called by:
		_main
 This function uses a non-reentrant model


 *************** function ___wmul *****************
 Defined at:
		line 15 in file "C:\Program Files (x86)\Microchip\xc8\v2.10\pic\sources\c90\common\Umul16.c"
 Parameters:    Size  Location     Type
  multiplier      2    0[BANK0 ] unsigned int 
  multiplicand    2    2[BANK0 ] unsigned int 
 Auto vars:     Size  Location     Type
  product         2    4[BANK0 ] unsigned int 
 Return value:  Size  Location     Type
                  2    0[BANK0 ] unsigned int 
 Registers used:
		wreg, status,2, status,0, prodl, prodh
 Tracked objects:
		On entry : 
		On exit  : 
		Unchanged: 
 Data sizes:     COMRAM   BANK0   BANK1   BANK2   BANK3   BANK4   BANK5
      Params:         0       4       0       0       0       0       0
      Locals:         0       2       0       0       0       0       0
      Temps:          0       0       0       0       0       0       0
      Totals:         0       6       0       0       0       0       0
Total ram usage:        6 bytes
 Hardware stack levels used:    1
 This function calls:
		Nothing
 This function is called by:
		_initTabVue
		_rempliMines
		_metToucheCombien
		_calculToucheCombien
 This function uses a non-reentrant model


 *************** function _afficheTabVue *****************
 Defined at:
		line 137 in file "main.c"
 Parameters:    Size  Location     Type
		None
 Auto vars:     Size  Location     Type
		None
 Return value:  Size  Location     Type
                  1    wreg      void 
 Registers used:
		wreg, fsr2l, fsr2h, status,2, status,0, cstack
 Tracked objects:
		On entry : 
		On exit  : 
		Unchanged: 
 Data sizes:     COMRAM   BANK0   BANK1   BANK2   BANK3   BANK4   BANK5
      Params:         0       0       0       0       0       0       0
      Locals:         0       0       0       0       0       0       0
      Temps:          0       0       0       0       0       0       0
      Totals:         0       0       0       0       0       0       0
Total ram usage:        0 bytes
 Hardware stack levels used:    1
 Hardware stack levels required when called:    5
 This function calls:
		_lcd_effaceAffichage
		_lcd_gotoXY
		_lcd_putMessage
 This function is called by:
		_main
 This function uses a non-reentrant model


 *************** function _lcd_putMessage *****************
 Defined at:
		line 387 in file "Lcd4Lignes.c"
 Parameters:    Size  Location     Type
  chaine          2    5[BANK0 ] PTR const unsigned char 
		 -> m_tabVue(84), m_tabMines(84), main@afficheNom(21), 
 Auto vars:     Size  Location     Type
  j               1    7[BANK0 ] unsigned char 
 Return value:  Size  Location     Type
                  1    wreg      void 
 Registers used:
		wreg, fsr2l, fsr2h, status,2, status,0, cstack
 Tracked objects:
		On entry : 
		On exit  : 
		Unchanged: 
 Data sizes:     COMRAM   BANK0   BANK1   BANK2   BANK3   BANK4   BANK5
      Params:         0       2       0       0       0       0       0
      Locals:         0       1       0       0       0       0       0
      Temps:          0       0       0       0       0       0       0
      Totals:         0       3       0       0       0       0       0
Total ram usage:        3 bytes
 Hardware stack levels used:    1
 Hardware stack levels required when called:    4
 This function calls:
		_lcd_ecritChar
 This function is called by:
		_main
		_afficheTabVue
 This function uses a non-reentrant model


 *************** function _lcd_ecritChar *****************
 Defined at:
		line 359 in file "Lcd4Lignes.c"
 Parameters:    Size  Location     Type
  car             1    wreg     unsigned char 
 Auto vars:     Size  Location     Type
  car             1    3[BANK0 ] unsigned char 
  posRam          1    4[BANK0 ] unsigned char 
 Return value:  Size  Location     Type
                  1    wreg      void 
 Registers used:
		wreg, status,2, status,0, cstack
 Tracked objects:
		On entry : 
		On exit  : 
		Unchanged: 
 Data sizes:     COMRAM   BANK0   BANK1   BANK2   BANK3   BANK4   BANK5
      Params:         0       0       0       0       0       0       0
      Locals:         0       2       0       0       0       0       0
      Temps:          0       0       0       0       0       0       0
      Totals:         0       2       0       0       0       0       0
Total ram usage:        2 bytes
 Hardware stack levels used:    1
 Hardware stack levels required when called:    3
 This function calls:
		_lcd_wrCom
		_lcd_wrData
 This function is called by:
		_lcd_putMessage
 This function uses a non-reentrant model


 *************** function _lcd_wrData *****************
 Defined at:
		line 188 in file "Lcd4Lignes.c"
 Parameters:    Size  Location     Type
  caractere       1    wreg     unsigned char 
 Auto vars:     Size  Location     Type
  caractere       1    2[BANK0 ] unsigned char 
 Return value:  Size  Location     Type
                  1    wreg      unsigned char 
 Registers used:
		wreg, status,2, status,0, cstack
 Tracked objects:
		On entry : 
		On exit  : 
		Unchanged: 
 Data sizes:     COMRAM   BANK0   BANK1   BANK2   BANK3   BANK4   BANK5
      Params:         0       0       0       0       0       0       0
      Locals:         0       1       0       0       0       0       0
      Temps:          0       0       0       0       0       0       0
      Totals:         0       1       0       0       0       0       0
Total ram usage:        1 bytes
 Hardware stack levels used:    1
 Hardware stack levels required when called:    2
 This function calls:
		_lcd_busy
		_lcd_ecrireDonnees
		_lcd_strobeEnableBit
 This function is called by:
		_lcd_ecritChar
		_lcd_initCGRam
		_lcd_effaceChar
 This function uses a non-reentrant model


 *************** function _lcd_gotoXY *****************
 Defined at:
		line 314 in file "Lcd4Lignes.c"
 Parameters:    Size  Location     Type
  x               1    wreg     unsigned char 
  y               1    3[BANK0 ] unsigned char 
 Auto vars:     Size  Location     Type
  x               1    4[BANK0 ] unsigned char 
 Return value:  Size  Location     Type
                  1    wreg      void 
 Registers used:
		wreg, status,2, status,0, cstack
 Tracked objects:
		On entry : 
		On exit  : 
		Unchanged: 
 Data sizes:     COMRAM   BANK0   BANK1   BANK2   BANK3   BANK4   BANK5
      Params:         0       1       0       0       0       0       0
      Locals:         0       1       0       0       0       0       0
      Temps:          0       0       0       0       0       0       0
      Totals:         0       2       0       0       0       0       0
Total ram usage:        2 bytes
 Hardware stack levels used:    1
 Hardware stack levels required when called:    3
 This function calls:
		_lcd_wrCom
 This function is called by:
		_main
		_afficheTabVue
		_lcd_effaceLigne
 This function uses a non-reentrant model


 *************** function _lcd_effaceAffichage *****************
 Defined at:
		line 276 in file "Lcd4Lignes.c"
 Parameters:    Size  Location     Type
		None
 Auto vars:     Size  Location     Type
		None
 Return value:  Size  Location     Type
                  1    wreg      void 
 Registers used:
		wreg, status,2, status,0, cstack
 Tracked objects:
		On entry : 
		On exit  : 
		Unchanged: 
 Data sizes:     COMRAM   BANK0   BANK1   BANK2   BANK3   BANK4   BANK5
      Params:         0       0       0       0       0       0       0
      Locals:         0       0       0       0       0       0       0
      Temps:          0       0       0       0       0       0       0
      Totals:         0       0       0       0       0       0       0
Total ram usage:        0 bytes
 Hardware stack levels used:    1
 Hardware stack levels required when called:    3
 This function calls:
		_lcd_wrCom
 This function is called by:
		_main
		_afficheTabVue
 This function uses a non-reentrant model


 *************** function _lcd_wrCom *****************
 Defined at:
		line 156 in file "Lcd4Lignes.c"
 Parameters:    Size  Location     Type
  commande        1    wreg     unsigned char 
 Auto vars:     Size  Location     Type
  commande        1    2[BANK0 ] unsigned char 
 Return value:  Size  Location     Type
                  1    wreg      unsigned char 
 Registers used:
		wreg, status,2, status,0, cstack
 Tracked objects:
		On entry : 
		On exit  : 
		Unchanged: 
 Data sizes:     COMRAM   BANK0   BANK1   BANK2   BANK3   BANK4   BANK5
      Params:         0       0       0       0       0       0       0
      Locals:         0       1       0       0       0       0       0
      Temps:          0       0       0       0       0       0       0
      Totals:         0       1       0       0       0       0       0
Total ram usage:        1 bytes
 Hardware stack levels used:    1
 Hardware stack levels required when called:    2
 This function calls:
		_lcd_busy
		_lcd_ecrireDonnees
		_lcd_strobeEnableBit
 This function is called by:
		_lcd_init
		_lcd_effaceAffichage
		_lcd_curseurHome
		_lcd_gotoXY
		_lcd_ecritChar
		_lcd_initCGRam
		_lcd_cacheCurseur
		_lcd_montreCurseur
 This function uses a non-reentrant model


 *************** function _lcd_strobeEnableBit *****************
 Defined at:
		line 431 in file "Lcd4Lignes.c"
 Parameters:    Size  Location     Type
		None
 Auto vars:     Size  Location     Type
		None
 Return value:  Size  Location     Type
                  1    wreg      void 
 Registers used:
		None
 Tracked objects:
		On entry : 
		On exit  : 
		Unchanged: 
 Data sizes:     COMRAM   BANK0   BANK1   BANK2   BANK3   BANK4   BANK5
      Params:         0       0       0       0       0       0       0
      Locals:         0       0       0       0       0       0       0
      Temps:          0       0       0       0       0       0       0
      Totals:         0       0       0       0       0       0       0
Total ram usage:        0 bytes
 Hardware stack levels used:    1
 This function calls:
		Nothing
 This function is called by:
		_lcd_wrCom
		_lcd_wrData
		_lcd_resetSequence
 This function uses a non-reentrant model


 *************** function _lcd_ecrireDonnees *****************
 Defined at:
		line 107 in file "Lcd4Lignes.c"
 Parameters:    Size  Location     Type
  donnee          1    wreg     unsigned char 
 Auto vars:     Size  Location     Type
  donnee          1    1[BANK0 ] unsigned char 
 Return value:  Size  Location     Type
                  1    wreg      void 
 Registers used:
		wreg, status,2, status,0
 Tracked objects:
		On entry : 
		On exit  : 
		Unchanged: 
 Data sizes:     COMRAM   BANK0   BANK1   BANK2   BANK3   BANK4   BANK5
      Params:         0       0       0       0       0       0       0
      Locals:         0       1       0       0       0       0       0
      Temps:          0       1       0       0       0       0       0
      Totals:         0       2       0       0       0       0       0
Total ram usage:        2 bytes
 Hardware stack levels used:    1
 This function calls:
		Nothing
 This function is called by:
		_lcd_wrCom
		_lcd_wrData
		_lcd_resetSequence
 This function uses a non-reentrant model


 *************** function _lcd_busy *****************
 Defined at:
		line 124 in file "Lcd4Lignes.c"
 Parameters:    Size  Location     Type
		None
 Auto vars:     Size  Location     Type
  adresse         1    1[BANK0 ] unsigned char 
 Return value:  Size  Location     Type
                  1    wreg      unsigned char 
 Registers used:
		wreg, status,2, status,0, cstack
 Tracked objects:
		On entry : 
		On exit  : 
		Unchanged: 
 Data sizes:     COMRAM   BANK0   BANK1   BANK2   BANK3   BANK4   BANK5
      Params:         0       0       0       0       0       0       0
      Locals:         0       1       0       0       0       0       0
      Temps:          0       1       0       0       0       0       0
      Totals:         0       2       0       0       0       0       0
Total ram usage:        2 bytes
 Hardware stack levels used:    1
 Hardware stack levels required when called:    1
 This function calls:
		_lcd_lireDonnees
 This function is called by:
		_lcd_wrCom
		_lcd_wrData
 This function uses a non-reentrant model


 *************** function _lcd_lireDonnees *****************
 Defined at:
		line 93 in file "Lcd4Lignes.c"
 Parameters:    Size  Location     Type
		None
 Auto vars:     Size  Location     Type
		None
 Return value:  Size  Location     Type
                  1    wreg      unsigned char 
 Registers used:
		wreg, status,2, status,0
 Tracked objects:
		On entry : 
		On exit  : 
		Unchanged: 
 Data sizes:     COMRAM   BANK0   BANK1   BANK2   BANK3   BANK4   BANK5
      Params:         0       0       0       0       0       0       0
      Locals:         0       0       0       0       0       0       0
      Temps:          0       0       0       0       0       0       0
      Totals:         0       0       0       0       0       0       0
Total ram usage:        0 bytes
 Hardware stack levels used:    1
 This function calls:
		Nothing
 This function is called by:
		_lcd_busy
 This function uses a non-reentrant model



MODULE INFORMATION

Module		Function		Class		Link	Load	Size
C:\Program Files (x86)\Microchip\xc8\v2.10\pic\sources\c90\common\Umul16.c
		___wmul        		CODE           	1364	0000	41

C:\Program Files (x86)\Microchip\xc8\v2.10\pic\sources\c90\common\Umul16.c estimated size: 41

C:\Program Files (x86)\Microchip\xc8\v2.10\pic\sources\c90\common\Umul32.c
		___lmul        		CODE           	0FAE	0000	109

C:\Program Files (x86)\Microchip\xc8\v2.10\pic\sources\c90\common\Umul32.c estimated size: 109

Lcd4Lignes.c
		_lcd_ecrireDonnees		CODE           	13AA	0000	29
		_lcd_busy      		CODE           	1286	0000	67
		_lcd_curseurHome		CODE           	13FC	0000	9
		_lcd_initCGRam 		CODE           	0E2C	0000	163
		_lcd_effaceAffichage		CODE           	13EE	0000	15
		_lcd_wrData    		CODE           	1308	0000	53
		_lcd_putMessage		CODE           	11EC	0000	79
		_lcd_resetSequence		CODE           	1086	0000	107
		_lcd_lireDonnees		CODE           	140C	0000	7
		_lcd_gotoXY    		CODE           	0ECE	0000	115
		_lcd_wrCom     		CODE           	101A	0000	109
		_lcd_ecritChar 		CODE           	1146	0000	85
		_lcd_init      		CODE           	133C	0000	41
		_lcd_strobeEnableBit		CODE           	1404	0000	9

Lcd4Lignes.c estimated size: 888

shared
		main@F2873     		SMALLCONST     	0601	0000	22
		__initialization		CODE           	119A	0000	77

shared estimated size: 99

serie.c
		_init_serie    		CODE           	138C	0000	31

serie.c estimated size: 31

C:\Program Files (x86)\Microchip\xc8\v2.10\pic\sources\c90\common\awmod.c
		___awmod       		CODE           	0D7A	0000	179

C:\Program Files (x86)\Microchip\xc8\v2.10\pic\sources\c90\common\awmod.c estimated size: 179

main.c
		_initialisation		CODE           	123A	0000	77
		_afficheTabVue 		CODE           	0F40	0000	111
		_metToucheCombien		CODE           	09FA	0000	373
		_main          		CODE           	0B6E	0000	291
		_initTabVue    		CODE           	0C90	0000	235
		_rempliMines   		CODE           	0618	0000	585
		_calculToucheCombien		CODE           	0860	0000	411
		_testEtat      		CODE           	13C6	0000	25

main.c estimated size: 2108

C:\Program Files (x86)\Microchip\xc8\v2.10\pic\sources\c90\common\rand.c
		_srand         		CODE           	13DE	0000	17
		_rand          		CODE           	10F0	0000	87

C:\Program Files (x86)\Microchip\xc8\v2.10\pic\sources\c90\common\rand.c estimated size: 104

